###############################################################################
#
# IAR ELF Linker V8.20.1.14183/W32 for ARM                15/Aug/2019  17:12:30
# Copyright 2007-2017 IAR Systems AB.
#
#    Output file  =  C:\Users\mokhw\Desktop\0815 최종\lt\EWARM\lt\Exe\lt.out
#    Map file     =  C:\Users\mokhw\Desktop\0815 최종\lt\EWARM\lt\List\lt.map
#    Command line =  
#        -f C:\Users\mokhw\AppData\Local\Temp\EWEBD7.tmp
#        ("C:\Users\mokhw\Desktop\0815 최종\lt\EWARM\lt\Obj\adc.o"
#        "C:\Users\mokhw\Desktop\0815 최종\lt\EWARM\lt\Obj\dma.o"
#        "C:\Users\mokhw\Desktop\0815 최종\lt\EWARM\lt\Obj\gpio.o"
#        "C:\Users\mokhw\Desktop\0815 최종\lt\EWARM\lt\Obj\main.o"
#        "C:\Users\mokhw\Desktop\0815 최종\lt\EWARM\lt\Obj\PID.o"
#        "C:\Users\mokhw\Desktop\0815
#        최종\lt\EWARM\lt\Obj\startup_stm32f103xb.o"
#        "C:\Users\mokhw\Desktop\0815 최종\lt\EWARM\lt\Obj\stm32f1xx_hal.o"
#        "C:\Users\mokhw\Desktop\0815
#        최종\lt\EWARM\lt\Obj\stm32f1xx_hal_adc.o"
#        "C:\Users\mokhw\Desktop\0815
#        최종\lt\EWARM\lt\Obj\stm32f1xx_hal_adc_ex.o"
#        "C:\Users\mokhw\Desktop\0815
#        최종\lt\EWARM\lt\Obj\stm32f1xx_hal_cortex.o"
#        "C:\Users\mokhw\Desktop\0815
#        최종\lt\EWARM\lt\Obj\stm32f1xx_hal_dma.o"
#        "C:\Users\mokhw\Desktop\0815
#        최종\lt\EWARM\lt\Obj\stm32f1xx_hal_flash.o"
#        "C:\Users\mokhw\Desktop\0815
#        최종\lt\EWARM\lt\Obj\stm32f1xx_hal_flash_ex.o"
#        "C:\Users\mokhw\Desktop\0815
#        최종\lt\EWARM\lt\Obj\stm32f1xx_hal_gpio.o"
#        "C:\Users\mokhw\Desktop\0815
#        최종\lt\EWARM\lt\Obj\stm32f1xx_hal_gpio_ex.o"
#        "C:\Users\mokhw\Desktop\0815
#        최종\lt\EWARM\lt\Obj\stm32f1xx_hal_msp.o"
#        "C:\Users\mokhw\Desktop\0815
#        최종\lt\EWARM\lt\Obj\stm32f1xx_hal_pwr.o"
#        "C:\Users\mokhw\Desktop\0815
#        최종\lt\EWARM\lt\Obj\stm32f1xx_hal_rcc.o"
#        "C:\Users\mokhw\Desktop\0815
#        최종\lt\EWARM\lt\Obj\stm32f1xx_hal_rcc_ex.o"
#        "C:\Users\mokhw\Desktop\0815
#        최종\lt\EWARM\lt\Obj\stm32f1xx_hal_tim.o"
#        "C:\Users\mokhw\Desktop\0815
#        최종\lt\EWARM\lt\Obj\stm32f1xx_hal_tim_ex.o"
#        "C:\Users\mokhw\Desktop\0815 최종\lt\EWARM\lt\Obj\stm32f1xx_it.o"
#        "C:\Users\mokhw\Desktop\0815
#        최종\lt\EWARM\lt\Obj\system_stm32f1xx.o"
#        "C:\Users\mokhw\Desktop\0815 최종\lt\EWARM\lt\Obj\tim.o" -o
#        "C:\Users\mokhw\Desktop\0815 최종\lt\EWARM\lt\Exe\lt.out" --map
#        "C:\Users\mokhw\Desktop\0815 최종\lt\EWARM\lt\List\lt.map" --config
#        "C:\Program Files (x86)\IAR Systems\Embedded Workbench
#        8.0\arm\config\linker\ST\stm32f103x8.icf" --semihosting --entry
#        __iar_program_start --vfe --text_out locale)
#
###############################################################################

*******************************************************************************
*** RUNTIME MODEL ATTRIBUTES
***

CppFlavor       = *
__SystemLibrary = DLib
__dlib_version  = 6


*******************************************************************************
*** HEAP SELECTION
***

The basic heap was selected because no calls to memory allocation
functions were found in the application outside of system library
functions, and there are calls to deallocation functions in the
application.


*******************************************************************************
*** PLACEMENT SUMMARY
***

"A0":  place at 0x08000000 { ro section .intvec };
"P1":  place in [from 0x08000000 to 0x0800ffff] { ro };
define block CSTACK with size = 2K, alignment = 8 { };
define block HEAP with size = 2K, alignment = 8 { };
"P2":  place in [from 0x20000000 to 0x20004fff] {
          rw, block CSTACK, block HEAP };
initialize by copy { rw };

  Section            Kind        Address    Size  Object
  -------            ----        -------    ----  ------
"A0":                                       0xec
  .intvec            ro code  0x08000000    0xec  startup_stm32f103xb.o [1]
                            - 0x080000ec    0xec

"P1":                                     0x3a58
  .text              ro code  0x080000ec   0xa2a  main.o [1]
  .rodata            const    0x08000b16     0x2  stm32f1xx_hal_rcc.o [1]
  .text              ro code  0x08000b18   0x502  stm32f1xx_hal_adc.o [1]
  .text              ro code  0x0800101c   0x178  stm32f1xx_hal_adc_ex.o [1]
  .text              ro code  0x08001194    0x1a  U32ToDbl.o [4]
  .text              ro code  0x080011b0   0x1a2  DblMul.o [4]
  .text              ro code  0x08001354   0x178  DblAdd.o [4]
  .text              ro code  0x080014cc    0x3a  DblToS32.o [4]
  .text              ro code  0x08001508   0x23c  stm32f1xx_hal_gpio.o [1]
  .text              ro code  0x08001744    0x1c  U32ToFlt.o [4]
  .text              ro code  0x08001760    0x1c  FltCmpEq.o [4]
  .text              ro code  0x0800177c    0x24  FltCmpLe.o [4]
  .text              ro code  0x080017a0    0x24  S32ToFlt.o [4]
  .text              ro code  0x080017c4    0xfc  FltDiv.o [4]
  .text              ro code  0x080018c0    0xe2  FltAdd.o [4]
  .text              ro code  0x080019a4    0x80  FltSub.o [4]
  .text              ro code  0x08001a24    0xd8  FltMul.o [4]
  .text              ro code  0x08001afc    0x2a  FltToS32.o [4]
  .text              ro code  0x08001b28    0x28  stm32f1xx_hal.o [1]
  .text              ro code  0x08001b50   0x180  gpio.o [1]
  .text              ro code  0x08001cd0    0x30  dma.o [1]
  .text              ro code  0x08001d00   0x294  adc.o [1]
  .text              ro code  0x08001f94   0x3f4  tim.o [1]
  .text              ro code  0x08002388   0x568  stm32f1xx_hal_tim.o [1]
  .text              ro code  0x080028f0   0x102  stm32f1xx_hal_tim_ex.o [1]
  .text              ro code  0x080029f4    0x28  stm32f1xx_hal.o [1]
  .text              ro code  0x08002a1c     0x6  ABImemclr4.o [5]
  .text              ro code  0x08002a24   0x6cc  stm32f1xx_hal_rcc.o [1]
  .text              ro code  0x080030f0   0x11c  stm32f1xx_hal_rcc_ex.o [1]
  .text              ro code  0x0800320c     0xc  stm32f1xx_hal.o [1]
  .text              ro code  0x08003218     0x2  stm32f1xx_hal_adc.o [1]
  .text              ro code  0x0800321a     0x2  stm32f1xx_hal_adc.o [1]
  .text              ro code  0x0800321c     0x2  stm32f1xx_hal_adc.o [1]
  .text              ro code  0x08003220   0x29c  stm32f1xx_hal_dma.o [1]
  .text              ro code  0x080034bc    0xd2  DblSub.o [4]
  .text              ro code  0x08003590   0x124  stm32f1xx_hal_cortex.o [1]
  .text              ro code  0x080036b4    0x4c  stm32f1xx_hal.o [1]
  .text              ro code  0x08003700    0x54  stm32f1xx_hal_msp.o [1]
  .text              ro code  0x08003754     0x2  stm32f1xx_hal_tim.o [1]
  .text              ro code  0x08003756     0x2  stm32f1xx_hal_tim.o [1]
  .text              ro code  0x08003758     0x2  stm32f1xx_hal_tim.o [1]
  .text              ro code  0x0800375a     0x2  stm32f1xx_hal_tim_ex.o [1]
  .text              ro code  0x0800375c     0x2  stm32f1xx_hal_tim.o [1]
  .text              ro code  0x0800375e     0x2  stm32f1xx_hal_tim_ex.o [1]
  .text              ro code  0x08003760    0x32  ABImemset48.o [5]
  .text              ro code  0x08003794    0x86  ABImemcpy.o [5]
  .text              ro code  0x0800381c    0x9c  stm32f1xx_it.o [1]
  .text              ro code  0x080038b8    0x18  stm32f1xx_hal.o [1]
  .text              ro code  0x080038d0    0x68  system_stm32f1xx.o [1]
  .text              ro code  0x08003938    0x40  zero_init3.o [5]
  .text              ro code  0x08003978    0x2c  copy_init3.o [5]
  .text              ro code  0x080039a4    0x28  data_init.o [5]
  .iar.init_table    const    0x080039cc    0x24  - Linker created -
  .text              ro code  0x080039f0    0x1e  cmain.o [5]
  .text              ro code  0x08003a0e     0x4  low_level_init.o [3]
  .text              ro code  0x08003a12     0x4  exit.o [3]
  .text              ro code  0x08003a18     0xa  cexit.o [5]
  .text              ro code  0x08003a24    0x14  exit.o [6]
  Initializer bytes  const    0x08003a38    0x1c  <for P2-1>
  .rodata            const    0x08003a54    0x10  stm32f1xx_hal_rcc.o [1]
  .rodata            const    0x08003a64    0x10  system_stm32f1xx.o [1]
  .text              ro code  0x08003a74    0x10  startup_stm32f103xb.o [1]
  .text              ro code  0x08003a84     0xc  cstartup_M.o [5]
  .rodata            const    0x08003a90     0x8  tim.o [1]
  .rodata            const    0x08003a98     0x8  tim.o [1]
  .rodata            const    0x08003aa0     0x8  tim.o [1]
  .rodata            const    0x08003aa8     0x8  tim.o [1]
  .rodata            const    0x08003ab0     0x4  adc.o [1]
  .text              ro code  0x08003ab4     0x4  startup_stm32f103xb.o [1]
  .text              ro code  0x08003ab8     0x4  startup_stm32f103xb.o [1]
  .text              ro code  0x08003abc     0x4  startup_stm32f103xb.o [1]
  .text              ro code  0x08003ac0     0x4  startup_stm32f103xb.o [1]
  .text              ro code  0x08003ac4     0x4  startup_stm32f103xb.o [1]
  .text              ro code  0x08003ac8     0x4  startup_stm32f103xb.o [1]
  .text              ro code  0x08003acc     0x4  startup_stm32f103xb.o [1]
  .text              ro code  0x08003ad0     0x4  startup_stm32f103xb.o [1]
  .text              ro code  0x08003ad4     0x4  startup_stm32f103xb.o [1]
  .text              ro code  0x08003ad8     0x4  startup_stm32f103xb.o [1]
  .text              ro code  0x08003adc     0x4  startup_stm32f103xb.o [1]
  .text              ro code  0x08003ae0     0x4  startup_stm32f103xb.o [1]
  .text              ro code  0x08003ae4     0x4  startup_stm32f103xb.o [1]
  .text              ro code  0x08003ae8     0x4  startup_stm32f103xb.o [1]
  .text              ro code  0x08003aec     0x4  startup_stm32f103xb.o [1]
  .text              ro code  0x08003af0     0x4  startup_stm32f103xb.o [1]
  .text              ro code  0x08003af4     0x4  startup_stm32f103xb.o [1]
  .text              ro code  0x08003af8     0x4  startup_stm32f103xb.o [1]
  .text              ro code  0x08003afc     0x4  startup_stm32f103xb.o [1]
  .text              ro code  0x08003b00     0x4  startup_stm32f103xb.o [1]
  .text              ro code  0x08003b04     0x4  startup_stm32f103xb.o [1]
  .text              ro code  0x08003b08     0x4  startup_stm32f103xb.o [1]
  .text              ro code  0x08003b0c     0x4  startup_stm32f103xb.o [1]
  .text              ro code  0x08003b10     0x4  startup_stm32f103xb.o [1]
  .text              ro code  0x08003b14     0x4  startup_stm32f103xb.o [1]
  .text              ro code  0x08003b18     0x4  startup_stm32f103xb.o [1]
  .text              ro code  0x08003b1c     0x4  startup_stm32f103xb.o [1]
  .text              ro code  0x08003b20     0x4  startup_stm32f103xb.o [1]
  .text              ro code  0x08003b24     0x4  startup_stm32f103xb.o [1]
  .text              ro code  0x08003b28     0x4  startup_stm32f103xb.o [1]
  .text              ro code  0x08003b2c     0x4  startup_stm32f103xb.o [1]
  .text              ro code  0x08003b30     0x4  startup_stm32f103xb.o [1]
  .text              ro code  0x08003b34     0x4  startup_stm32f103xb.o [1]
  .text              ro code  0x08003b38     0x4  startup_stm32f103xb.o [1]
  .text              ro code  0x08003b3c     0x4  startup_stm32f103xb.o [1]
  .text              ro code  0x08003b40     0x4  startup_stm32f103xb.o [1]
  .rodata            const    0x08003b44     0x0  zero_init3.o [5]
  .rodata            const    0x08003b44     0x0  copy_init3.o [5]
                            - 0x08003b44  0x3a58

"P2", part 1 of 3:                          0x1c
  P2-1                        0x20000000    0x19  <Init block>
    .data            inited   0x20000000     0x4  main.o [1]
    .data            inited   0x20000004     0x4  main.o [1]
    .data            inited   0x20000008     0x4  main.o [1]
    .data            inited   0x2000000c     0x4  main.o [1]
    .data            inited   0x20000010     0x4  stm32f1xx_hal.o [1]
    .data            inited   0x20000014     0x4  system_stm32f1xx.o [1]
    .data            inited   0x20000018     0x1  stm32f1xx_hal.o [1]
                            - 0x20000019    0x19

"P2", part 2 of 3:                         0x294
  .bss               zero     0x2000001c    0x44  adc.o [1]
  .bss               zero     0x20000060    0x40  tim.o [1]
  .bss               zero     0x200000a0    0x40  tim.o [1]
  .bss               zero     0x200000e0    0x40  tim.o [1]
  .bss               zero     0x20000120    0x40  tim.o [1]
  .bss               zero     0x20000160    0x30  adc.o [1]
  .bss               zero     0x20000190    0x30  adc.o [1]
  .bss               zero     0x200001c0    0x20  main.o [1]
  .bss               zero     0x200001e0    0x20  main.o [1]
  .bss               zero     0x20000200    0x20  main.o [1]
  .bss               zero     0x20000220    0x20  main.o [1]
  .bss               zero     0x20000240    0x10  main.o [1]
  .bss               zero     0x20000250    0x10  main.o [1]
  .bss               zero     0x20000260    0x10  main.o [1]
  .bss               zero     0x20000270     0x4  main.o [1]
  .bss               zero     0x20000274     0x4  main.o [1]
  .bss               zero     0x20000278     0x4  main.o [1]
  .bss               zero     0x2000027c     0x4  main.o [1]
  .bss               zero     0x20000280     0x4  main.o [1]
  .bss               zero     0x20000284     0x4  main.o [1]
  .bss               zero     0x20000288     0x4  main.o [1]
  .bss               zero     0x2000028c     0x4  main.o [1]
  .bss               zero     0x20000290     0x4  main.o [1]
  .bss               zero     0x20000294     0x4  main.o [1]
  .bss               zero     0x20000298     0x4  main.o [1]
  .bss               zero     0x2000029c     0x4  main.o [1]
  .bss               zero     0x200002a0     0x4  main.o [1]
  .bss               zero     0x200002a4     0x4  main.o [1]
  .bss               zero     0x200002a8     0x4  main.o [1]
  .bss               zero     0x200002ac     0x4  stm32f1xx_hal.o [1]
                            - 0x200002b0   0x294

"P2", part 3 of 3:                         0x800
  CSTACK                      0x200002b0   0x800  <Block>
    CSTACK           uninit   0x200002b0   0x800  <Block tail>
                            - 0x20000ab0   0x800


*******************************************************************************
*** INIT TABLE
***

          Address     Size
          -------     ----
Zero (__iar_zero_init3)
    1 destination range, total size 0x294:
          0x2000001c  0x294

Copy (__iar_copy_init3)
    1 source range, total size 0x1c (112% of destination):
          0x08003a38   0x1c
    1 destination range, total size 0x19:
          0x20000000   0x19



*******************************************************************************
*** MODULE SUMMARY
***

    Module                  ro code  ro data  rw data
    ------                  -------  -------  -------
C:\Users\mokhw\Desktop\0815 최종\lt\EWARM\lt\Obj: [1]
    adc.o                       660        4      164
    dma.o                        48
    gpio.o                      384
    main.o                    2 602       16      252
    startup_stm32f103xb.o       396
    stm32f1xx_hal.o             192        5        9
    stm32f1xx_hal_adc.o       1 288
    stm32f1xx_hal_adc_ex.o      376
    stm32f1xx_hal_cortex.o      292
    stm32f1xx_hal_dma.o         668
    stm32f1xx_hal_gpio.o        572
    stm32f1xx_hal_msp.o          84
    stm32f1xx_hal_rcc.o       1 740       18
    stm32f1xx_hal_rcc_ex.o      284
    stm32f1xx_hal_tim.o       1 392
    stm32f1xx_hal_tim_ex.o      262
    stm32f1xx_it.o              156
    system_stm32f1xx.o          104       20        4
    tim.o                     1 012       32      256
    -------------------------------------------------
    Total:                   12 512       95      685

command line: [2]
    -------------------------------------------------
    Total:

dl7M_tln.a: [3]
    exit.o                        4
    low_level_init.o              4
    -------------------------------------------------
    Total:                        8

m7M_tl.a: [4]
    DblAdd.o                    376
    DblMul.o                    418
    DblSub.o                    210
    DblToS32.o                   58
    FltAdd.o                    226
    FltCmpEq.o                   28
    FltCmpLe.o                   36
    FltDiv.o                    252
    FltMul.o                    216
    FltSub.o                    128
    FltToS32.o                   42
    S32ToFlt.o                   36
    U32ToDbl.o                   26
    U32ToFlt.o                   28
    -------------------------------------------------
    Total:                    2 080

rt7M_tl.a: [5]
    ABImemclr4.o                  6
    ABImemcpy.o                 134
    ABImemset48.o                50
    cexit.o                      10
    cmain.o                      30
    copy_init3.o                 44
    cstartup_M.o                 12
    data_init.o                  40
    zero_init3.o                 64
    -------------------------------------------------
    Total:                      390

shb_l.a: [6]
    exit.o                       20
    -------------------------------------------------
    Total:                       20

    Gaps                         28
    Linker created                        39    2 048
-----------------------------------------------------
    Grand Total:             15 038      134    2 733


*******************************************************************************
*** ENTRY LIST
***

Entry                      Address   Size  Type      Object
-----                      -------   ----  ----      ------
.iar.init_table$$Base   0x080039cc          --   Gb  - Linker created -
.iar.init_table$$Limit  0x080039f0          --   Gb  - Linker created -
?main                   0x080039f1         Code  Gb  cmain.o [5]
ADC_Black               0x200001c0   0x20  Data  Gb  main.o [1]
ADC_Conversion          0x080000ed   0xfe  Code  Gb  main.o [1]
ADC_ConversionStop_Disable
                        0x08000f59   0x4a  Code  Gb  stm32f1xx_hal_adc.o [1]
ADC_DMAConvCplt         0x08000fa5   0x4e  Code  Gb  stm32f1xx_hal_adc.o [1]
ADC_DMAError            0x08001001   0x1a  Code  Gb  stm32f1xx_hal_adc.o [1]
ADC_DMAHalfConvCplt     0x08000ff5    0xa  Code  Gb  stm32f1xx_hal_adc.o [1]
ADC_Enable              0x08000ec9   0x6e  Code  Gb  stm32f1xx_hal_adc.o [1]
ADC_Offset              0x20000200   0x20  Data  Gb  main.o [1]
ADC_Output              0x20000260   0x10  Data  Gb  main.o [1]
ADC_Set_Black           0x080001eb   0x60  Code  Gb  main.o [1]
ADC_Set_Offset          0x080002ab   0x58  Code  Gb  main.o [1]
ADC_Set_White           0x0800024b   0x60  Code  Gb  main.o [1]
ADC_Value               0x20000240   0x10  Data  Gb  main.o [1]
ADC_Value_Con           0x20000250   0x10  Data  Gb  main.o [1]
ADC_White               0x200001e0   0x20  Data  Gb  main.o [1]
AHBPrescTable           0x08003a64   0x10  Data  Gb  system_stm32f1xx.o [1]
BusFault_Handler        0x08003823    0x2  Code  Gb  stm32f1xx_it.o [1]
Buzzer_Count            0x2000000c    0x4  Data  Gb  main.o [1]
CSTACK$$Base            0x200002b0          --   Gb  - Linker created -
CSTACK$$Limit           0x20000ab0          --   Gb  - Linker created -
Catch_Stop              0x080008b5   0x44  Code  Gb  main.o [1]
Cross_Count             0x2000029c    0x4  Data  Gb  main.o [1]
D                       0x2000028c    0x4  Data  Gb  main.o [1]
DMA1_Channel1_IRQHandler
                        0x08003835    0xa  Code  Gb  stm32f1xx_it.o [1]
DMA_SetConfig           0x08003491   0x2c  Code  Lc  stm32f1xx_hal_dma.o [1]
DebugMon_Handler        0x08003829    0x2  Code  Gb  stm32f1xx_it.o [1]
EXTI15_10_IRQHandler    0x08003895   0x24  Code  Gb  stm32f1xx_it.o [1]
EXTI9_5_IRQHandler      0x0800383f   0x18  Code  Gb  stm32f1xx_it.o [1]
Error                   0x2000027c    0x4  Data  Gb  main.o [1]
Error_Handler           0x08000b15    0x2  Code  Gb  main.o [1]
HAL_ADCEx_MultiModeConfigChannel
                        0x0800111d   0x60  Code  Gb  stm32f1xx_hal_adc_ex.o [1]
HAL_ADCEx_MultiModeStart_DMA
                        0x0800101d  0x100  Code  Gb  stm32f1xx_hal_adc_ex.o [1]
HAL_ADC_ConfigChannel   0x08000d77  0x152  Code  Gb  stm32f1xx_hal_adc.o [1]
HAL_ADC_Init            0x08000b19  0x136  Code  Gb  stm32f1xx_hal_adc.o [1]
HAL_ADC_MspInit         0x08001e7f   0xf0  Code  Gb  adc.o [1]
HAL_ADC_Start           0x08000c4f  0x128  Code  Gb  stm32f1xx_hal_adc.o [1]
HAL_DMA_IRQHandler      0x08003309  0x162  Code  Gb  stm32f1xx_hal_dma.o [1]
HAL_DMA_Init            0x08003221   0x64  Code  Gb  stm32f1xx_hal_dma.o [1]
HAL_DMA_Start_IT        0x08003285   0x84  Code  Gb  stm32f1xx_hal_dma.o [1]
HAL_Delay               0x080029f5   0x28  Code  Wk  stm32f1xx_hal.o [1]
HAL_GPIO_EXTI_Callback  0x080008f9   0x88  Code  Gb  main.o [1]
HAL_GPIO_EXTI_IRQHandler
                        0x080016e5   0x1a  Code  Gb  stm32f1xx_hal_gpio.o [1]
HAL_GPIO_Init           0x08001509  0x1c8  Code  Gb  stm32f1xx_hal_gpio.o [1]
HAL_GPIO_WritePin       0x080016d1   0x14  Code  Gb  stm32f1xx_hal_gpio.o [1]
HAL_GetTick             0x0800320d    0xc  Code  Wk  stm32f1xx_hal.o [1]
HAL_IncTick             0x080038b9   0x18  Code  Wk  stm32f1xx_hal.o [1]
HAL_Init                0x08001b29   0x22  Code  Gb  stm32f1xx_hal.o [1]
HAL_InitTick            0x080036b5   0x4c  Code  Wk  stm32f1xx_hal.o [1]
HAL_MspInit             0x08003701   0x54  Code  Gb  stm32f1xx_hal_msp.o [1]
HAL_NVIC_EnableIRQ      0x08003683    0xa  Code  Gb  stm32f1xx_hal_cortex.o [1]
HAL_NVIC_SetPriority    0x08003661   0x22  Code  Gb  stm32f1xx_hal_cortex.o [1]
HAL_NVIC_SetPriorityGrouping
                        0x08003659    0x8  Code  Gb  stm32f1xx_hal_cortex.o [1]
HAL_RCCEx_PeriphCLKConfig
                        0x080030f1  0x106  Code  Gb  stm32f1xx_hal_rcc_ex.o [1]
HAL_RCC_ClockConfig     0x08002e75  0x1b2  Code  Gb  stm32f1xx_hal_rcc.o [1]
HAL_RCC_GetSysClockFreq
                        0x08003027   0x64  Code  Gb  stm32f1xx_hal_rcc.o [1]
HAL_RCC_OscConfig       0x08002a25  0x450  Code  Gb  stm32f1xx_hal_rcc.o [1]
HAL_SYSTICK_Config      0x0800368d    0x8  Code  Gb  stm32f1xx_hal_cortex.o [1]
HAL_TIMEx_BreakCallback
                        0x0800375b    0x2  Code  Wk  stm32f1xx_hal_tim_ex.o [1]
HAL_TIMEx_CommutationCallback
                        0x0800375f    0x2  Code  Wk  stm32f1xx_hal_tim_ex.o [1]
HAL_TIMEx_ConfigBreakDeadTime
                        0x08002919   0x62  Code  Gb  stm32f1xx_hal_tim_ex.o [1]
HAL_TIMEx_MasterConfigSynchronization
                        0x0800297b   0x58  Code  Gb  stm32f1xx_hal_tim_ex.o [1]
HAL_TIMEx_PWMN_Start    0x080028f1   0x28  Code  Gb  stm32f1xx_hal_tim_ex.o [1]
HAL_TIM_Base_Start      0x08002389   0x1c  Code  Gb  stm32f1xx_hal_tim.o [1]
HAL_TIM_Base_Start_IT   0x080023a5   0x1c  Code  Gb  stm32f1xx_hal_tim.o [1]
HAL_TIM_IRQHandler      0x08002431  0x176  Code  Gb  stm32f1xx_hal_tim.o [1]
HAL_TIM_MspPostInit     0x08002307   0x48  Code  Gb  tim.o [1]
HAL_TIM_OC_ConfigChannel
                        0x080025a7   0x5e  Code  Gb  stm32f1xx_hal_tim.o [1]
HAL_TIM_OC_Init         0x080023c1   0x38  Code  Gb  stm32f1xx_hal_tim.o [1]
HAL_TIM_OC_MspInit      0x0800226f   0x98  Code  Gb  tim.o [1]
HAL_TIM_PWM_ConfigChannel
                        0x08002605   0xfc  Code  Gb  stm32f1xx_hal_tim.o [1]
HAL_TIM_PWM_Init        0x080023f9   0x38  Code  Gb  stm32f1xx_hal_tim.o [1]
HAL_TIM_PWM_MspInit     0x0800223b   0x34  Code  Gb  tim.o [1]
HAL_TIM_PeriodElapsedCallback
                        0x08000981   0xfc  Code  Gb  main.o [1]
HardFault_Handler       0x0800381f    0x2  Code  Gb  stm32f1xx_it.o [1]
I                       0x20000288    0x4  Data  Gb  main.o [1]
Kd                      0x20000008    0x4  Data  Gb  main.o [1]
Ki                      0x20000004    0x4  Data  Gb  main.o [1]
Kp                      0x20000000    0x4  Data  Gb  main.o [1]
Led_On                  0x08000303  0x134  Code  Gb  main.o [1]
Left_mark_flag          0x200002a4    0x4  Data  Gb  main.o [1]
MX_ADC1_Init            0x08001d01   0xce  Code  Gb  adc.o [1]
MX_ADC2_Init            0x08001dcf   0xb0  Code  Gb  adc.o [1]
MX_DMA_Init             0x08001cd1   0x30  Code  Gb  dma.o [1]
MX_GPIO_Init            0x08001b51  0x180  Code  Gb  gpio.o [1]
MX_TIM1_Init            0x08001f95  0x108  Code  Gb  tim.o [1]
MX_TIM2_Init            0x0800209d   0x8e  Code  Gb  tim.o [1]
MX_TIM3_Init            0x0800212b   0x88  Code  Gb  tim.o [1]
MX_TIM4_Init            0x080021b3   0x88  Code  Gb  tim.o [1]
MemManage_Handler       0x08003821    0x2  Code  Gb  stm32f1xx_it.o [1]
NMI_Handler             0x0800381d    0x2  Code  Gb  stm32f1xx_it.o [1]
NVIC_EnableIRQ          0x080035b7   0x14  Code  Lc  stm32f1xx_hal_cortex.o [1]
NVIC_EncodePriority     0x080035ed   0x3e  Code  Lc  stm32f1xx_hal_cortex.o [1]
NVIC_GetPriorityGrouping
                        0x080035ad    0xa  Code  Lc  stm32f1xx_hal_cortex.o [1]
NVIC_SetPriority        0x080035cb   0x22  Code  Lc  stm32f1xx_hal_cortex.o [1]
NVIC_SetPriorityGrouping
                        0x08003591   0x1c  Code  Lc  stm32f1xx_hal_cortex.o [1]
P                       0x20000284    0x4  Data  Gb  main.o [1]
PID_Value               0x20000290    0x4  Data  Gb  main.o [1]
PWM_L                   0x20000294    0x4  Data  Gb  main.o [1]
PWM_R                   0x20000298    0x4  Data  Gb  main.o [1]
PendSV_Handler          0x0800382b    0x2  Code  Gb  stm32f1xx_it.o [1]
Previous_Error          0x20000280    0x4  Data  Gb  main.o [1]
RCC_Delay               0x0800308b   0x24  Code  Lc  stm32f1xx_hal_rcc.o [1]
Region$$Table$$Base     0x080039cc          --   Gb  - Linker created -
Region$$Table$$Limit    0x080039f0          --   Gb  - Linker created -
Right_mark_flag         0x200002a8    0x4  Data  Gb  main.o [1]
SENSOR_Binarizing       0x08000437  0x132  Code  Gb  main.o [1]
SENSOR_PID              0x08000569  0x132  Code  Gb  main.o [1]
SVC_Handler             0x08003827    0x2  Code  Gb  stm32f1xx_it.o [1]
Stop_Count              0x200002a0    0x4  Data  Gb  main.o [1]
SysTick_Config          0x0800362b   0x2e  Code  Lc  stm32f1xx_hal_cortex.o [1]
SysTick_Handler         0x0800382d    0x8  Code  Gb  stm32f1xx_it.o [1]
SystemClock_Config      0x08000827   0x8e  Code  Gb  main.o [1]
SystemCoreClock         0x20000014    0x4  Data  Gb  system_stm32f1xx.o [1]
SystemInit              0x080038d1   0x4e  Code  Gb  system_stm32f1xx.o [1]
TIM1_UP_IRQHandler      0x08003857    0xa  Code  Gb  stm32f1xx_it.o [1]
TIM2_IRQHandler         0x08003861    0xa  Code  Gb  stm32f1xx_it.o [1]
TIM3_IRQHandler         0x0800386b    0xa  Code  Gb  stm32f1xx_it.o [1]
TIM4_IRQHandler         0x08003875    0xa  Code  Gb  stm32f1xx_it.o [1]
TIM_Base_SetConfig      0x08002701   0x66  Code  Gb  stm32f1xx_hal_tim.o [1]
TIM_CCxNChannelCmd      0x080029d5   0x1e  Code  Lc  stm32f1xx_hal_tim_ex.o [1]
TIM_OC1_SetConfig       0x08002767   0x60  Code  Lc  stm32f1xx_hal_tim.o [1]
TIM_OC2_SetConfig       0x080027c7   0x6a  Code  Gb  stm32f1xx_hal_tim.o [1]
TIM_OC3_SetConfig       0x08002831   0x68  Code  Lc  stm32f1xx_hal_tim.o [1]
TIM_OC4_SetConfig       0x08002899   0x4c  Code  Lc  stm32f1xx_hal_tim.o [1]
UsageFault_Handler      0x08003825    0x2  Code  Gb  stm32f1xx_it.o [1]
__aeabi_cfcmpeq         0x08001761         Code  Gb  FltCmpEq.o [4]
__aeabi_cfcmple         0x0800177d         Code  Gb  FltCmpLe.o [4]
__aeabi_d2iz            0x080014cd         Code  Gb  DblToS32.o [4]
__aeabi_dadd            0x08001355         Code  Gb  DblAdd.o [4]
__aeabi_dmul            0x080011b1         Code  Gb  DblMul.o [4]
__aeabi_f2iz            0x08001afd         Code  Gb  FltToS32.o [4]
__aeabi_fadd            0x080018c1         Code  Gb  FltAdd.o [4]
__aeabi_fdiv            0x080017c5         Code  Gb  FltDiv.o [4]
__aeabi_fmul            0x08001a25         Code  Gb  FltMul.o [4]
__aeabi_fsub            0x080019a5         Code  Gb  FltSub.o [4]
__aeabi_i2f             0x080017a1         Code  Gb  S32ToFlt.o [4]
__aeabi_memclr4         0x08002a1d         Code  Gb  ABImemclr4.o [5]
__aeabi_memcpy4         0x08003795         Code  Gb  ABImemcpy.o [5]
__aeabi_memcpy8         0x08003795         Code  Gb  ABImemcpy.o [5]
__aeabi_ui2d            0x08001195         Code  Gb  U32ToDbl.o [4]
__aeabi_ui2f            0x08001745         Code  Gb  U32ToFlt.o [4]
__cmain                 0x080039f1         Code  Gb  cmain.o [5]
__exit                  0x08003a25   0x14  Code  Gb  exit.o [6]
__iar_Memset4_word      0x08003761         Code  Gb  ABImemset48.o [5]
__iar_Memset8_word      0x08003761         Code  Gb  ABImemset48.o [5]
__iar_copy_init3        0x08003979   0x2c  Code  Gb  copy_init3.o [5]
__iar_dadd              0x080034bd         Code  Gb  DblSub.o [4]
__iar_data_init3        0x080039a5   0x28  Code  Gb  data_init.o [5]
__iar_dsub              0x08001365         Code  Gb  DblAdd.o [4]
__iar_dsubStart         0x08001377         Code  Gb  DblAdd.o [4]
__iar_fadd              0x080019b1         Code  Gb  FltSub.o [4]
__iar_fsub              0x080018cd         Code  Gb  FltAdd.o [4]
__iar_fsubStart         0x080018dd         Code  Gb  FltAdd.o [4]
__iar_program_start     0x08003a85         Code  Gb  cstartup_M.o [5]
__iar_systems$$module {Abs}
                        0x00000001         Data  Gb  command line/config [2]
__iar_zero_init3        0x08003939   0x40  Code  Gb  zero_init3.o [5]
__low_level_init        0x08003a0f    0x4  Code  Gb  low_level_init.o [3]
__vector_table          0x08000000         Data  Gb  startup_stm32f103xb.o [1]
_call_main              0x080039fd         Code  Gb  cmain.o [5]
_exit                   0x08003a19         Code  Gb  cexit.o [5]
_main                   0x08003a0b         Code  Gb  cmain.o [5]
binarized               0x20000220   0x20  Data  Gb  main.o [1]
count                   0x20000278    0x4  Data  Gb  main.o [1]
exit                    0x08003a13    0x4  Code  Gb  exit.o [3]
hadc1                   0x20000160   0x30  Data  Gb  adc.o [1]
hadc2                   0x20000190   0x30  Data  Gb  adc.o [1]
hdma_adc1               0x2000001c   0x44  Data  Gb  adc.o [1]
htim1                   0x20000060   0x40  Data  Gb  tim.o [1]
htim2                   0x200000a0   0x40  Data  Gb  tim.o [1]
htim3                   0x200000e0   0x40  Data  Gb  tim.o [1]
htim4                   0x20000120   0x40  Data  Gb  tim.o [1]
i                       0x20000270    0x4  Data  Gb  main.o [1]
main                    0x0800069b  0x18c  Code  Gb  main.o [1]
num                     0x20000274    0x4  Data  Gb  main.o [1]
uwTick                  0x200002ac    0x4  Data  Gb  stm32f1xx_hal.o [1]
uwTickFreq              0x20000018    0x1  Data  Gb  stm32f1xx_hal.o [1]
uwTickPrio              0x20000010    0x4  Data  Gb  stm32f1xx_hal.o [1]


[1] = C:\Users\mokhw\Desktop\0815 최종\lt\EWARM\lt\Obj
[2] = command line
[3] = dl7M_tln.a
[4] = m7M_tl.a
[5] = rt7M_tl.a
[6] = shb_l.a

  15 038 bytes of readonly  code memory
     134 bytes of readonly  data memory
   2 733 bytes of readwrite data memory

Errors: none
Warnings: none
